core_cm4.h:1037:22:NVIC_SetPriorityGrouping	24	static
main.c:195:13:TrafficLight_GPIO_Init	16	static
main.c:214:13:SPC_GPIO_Init	16	static
main.c:233:13:SPC_Output	16	static
main.c:247:13:Potentiometer_GPIO_Init	16	static
main.c:265:13:Potentiometer_ADC_Init	32	static
main.c:286:17:ADC_Read_Potentiometer	16	static
main.c:301:6:Amber_LED_Callback	24	static
main.c:310:6:Green_LED_Callback	24	static
main.c:319:6:Red_LED_Callback	24	static
main.c:330:13:Traffic_Display_Task	80	static
main.c:382:13:Traffic_Flow_Adjustment_Task	24	static
main.c:398:13:Traffic_Generator_Task	24	static
main.c:433:13:Traffic_Light_State_Control_Task	32	static
main.c:487:5:main	24	static
main.c:533:6:vApplicationMallocFailedHook	4	static
main.c:547:6:vApplicationStackOverflowHook	16	static
main.c:561:6:vApplicationIdleHook	16	static
main.c:583:13:prvSetupHardware	8	static
